components/ui/AnimatedSection.tsx(41,13): error TS2322: Type '{ hidden: { opacity: number; y: number; x: number; }; visible: { opacity: number; y: number; x: number; transition: { duration: number; ease: number[]; delay: number; }; }; }' is not assignable to type 'Variants'.
  Property 'visible' is incompatible with index signature.
    Type '{ opacity: number; y: number; x: number; transition: { duration: number; ease: number[]; delay: number; }; }' is not assignable to type 'Variant'.
      Type '{ opacity: number; y: number; x: number; transition: { duration: number; ease: number[]; delay: number; }; }' is not assignable to type 'TargetAndTransition'.
        Type '{ opacity: number; y: number; x: number; transition: { duration: number; ease: number[]; delay: number; }; }' is not assignable to type '{ transition?: Transition<any> | undefined; transitionEnd?: ResolvedValues$1 | undefined; }'.
          Types of property 'transition' are incompatible.
            Type '{ duration: number; ease: number[]; delay: number; }' is not assignable to type 'Transition<any> | undefined'.
              Type '{ duration: number; ease: number[]; delay: number; }' is not assignable to type 'TransitionWithValueOverrides<any>'.
                Type '{ duration: number; ease: number[]; delay: number; }' is not assignable to type 'ValueAnimationTransition<any>'.
                  Types of property 'ease' are incompatible.
                    Type 'number[]' is not assignable to type 'Easing | Easing[] | undefined'.
                      Type 'number[]' is not assignable to type 'EasingFunction | Easing[]'.
                        Type 'number[]' is not assignable to type 'Easing[]'.
                          Type 'number' is not assignable to type 'Easing'.
